This is pdfTeX, Version 3.14159265-2.6-1.40.18 (TeX Live 2017) (preloaded format=mex 2017.10.11)  21 MAY 2026 00:37
entering extended mode
 restricted \write18 enabled.
 %&-line parsing enabled.
**plbr2t15Fct.F90 findDet.o gdndxi.o gintp.o gn.o inv.o
(./plbr2t15Fct.F90
This is MeX  Version 1.05  18 XII 1993  (B. Jackowski & M. Ry\'cko)
! Missing $ inserted.
<inserted text> 
                $
<to be read again> 
                   _
l.1 MODULE mod_
               plbr2t15Fct
? 
! Emergency stop.
<inserted text> 
                $
<to be read again> 
                   _
l.1 MODULE mod_
               plbr2t15Fct
End of file on the terminal!

No pages of output.
